[    0.000000] Linux version 4.15.0-76-generic (buildd@lcy01-amd64-029) (gcc version 7.4.0 (Ubuntu 7.4.0-1ubuntu1~18.04.1)) #86-Ubuntu SMP Fri Jan 17 17:24:28 UTC 2020 (Ubuntu 4.15.0-76.86-generic 4.15.18)
[    0.000000] Command line: BOOT_IMAGE=/boot/vmlinuz-4.15.0-76-generic root=UUID=4b2ded98-b2ba-4c06-84ad-ca3f3dc0fe49 ro console=tty1 console=ttyS0
[    0.000000] KERNEL supported cpus:
[    0.000000]   Intel GenuineIntel
[    0.000000]   AMD AuthenticAMD
[    0.000000]   Centaur CentaurHauls
[    0.000000] [Firmware Bug]: TSC doesn't count with P0 frequency!
[    0.000000] x86/fpu: Supporting XSAVE feature 0x001: 'x87 floating point registers'
[    0.000000] x86/fpu: Supporting XSAVE feature 0x002: 'SSE registers'
[    0.000000] x86/fpu: Supporting XSAVE feature 0x004: 'AVX registers'
[    0.000000] x86/fpu: xstate_offset[2]:  576, xstate_sizes[2]:  256
[    0.000000] x86/fpu: Enabled xstate features 0x7, context size is 832 bytes, using 'standard' format.
[    0.000000] e820: BIOS-provided physical RAM map:
[    0.000000] BIOS-e820: [mem 0x0000000000000000-0x000000000009fbff] usable
[    0.000000] BIOS-e820: [mem 0x000000000009fc00-0x000000000009ffff] reserved
[    0.000000] BIOS-e820: [mem 0x00000000000f0000-0x00000000000fffff] reserved
[    0.000000] BIOS-e820: [mem 0x0000000000100000-0x000000007ffeffff] usable
[    0.000000] BIOS-e820: [mem 0x000000007fff0000-0x000000007fffffff] ACPI data
[    0.000000] BIOS-e820: [mem 0x00000000fec00000-0x00000000fec00fff] reserved
[    0.000000] BIOS-e820: [mem 0x00000000fee00000-0x00000000fee00fff] reserved
[    0.000000] BIOS-e820: [mem 0x00000000fffc0000-0x00000000ffffffff] reserved
[    0.000000] NX (Execute Disable) protection: active
[    0.000000] SMBIOS 2.5 present.
[    0.000000] DMI: innotek GmbH VirtualBox/VirtualBox, BIOS VirtualBox 12/01/2006
[    0.000000] Hypervisor detected: KVM
[    0.000000] e820: last_pfn = 0x7fff0 max_arch_pfn = 0x400000000
[    0.000000] MTRR: Disabled
[    0.000000] x86/PAT: MTRRs disabled, skipping PAT initialization too.
[    0.000000] CPU MTRRs all blank - virtualized system.
[    0.000000] x86/PAT: Configuration [0-7]: WB  WT  UC- UC  WB  WT  UC- UC  
[    0.000000] found SMP MP-table at [mem 0x0009fff0-0x0009ffff]
[    0.000000] Scanning 1 areas for low memory corruption
[    0.000000] RAMDISK: [mem 0x35965000-0x36ca9fff]
[    0.000000] ACPI: Early table checksum verification disabled
[    0.000000] ACPI: RSDP 0x00000000000E0000 000024 (v02 VBOX  )
[    0.000000] ACPI: XSDT 0x000000007FFF0030 00003C (v01 VBOX   VBOXXSDT 00000001 ASL  00000061)
[    0.000000] ACPI: FACP 0x000000007FFF00F0 0000F4 (v04 VBOX   VBOXFACP 00000001 ASL  00000061)
[    0.000000] ACPI: DSDT 0x000000007FFF0470 0022EA (v02 VBOX   VBOXBIOS 00000002 INTL 20100528)
[    0.000000] ACPI: FACS 0x000000007FFF0200 000040
[    0.000000] ACPI: FACS 0x000000007FFF0200 000040
[    0.000000] ACPI: APIC 0x000000007FFF0240 00005C (v02 VBOX   VBOXAPIC 00000001 ASL  00000061)
[    0.000000] ACPI: SSDT 0x000000007FFF02A0 0001CC (v01 VBOX   VBOXCPUT 00000002 INTL 20100528)
[    0.000000] No NUMA configuration found
[    0.000000] Faking a node at [mem 0x0000000000000000-0x000000007ffeffff]
[    0.000000] NODE_DATA(0) allocated [mem 0x7ffc5000-0x7ffeffff]
[    0.000000] kvm-clock: cpu 0, msr 0:7ff44001, primary cpu clock
[    0.000000] kvm-clock: Using msrs 4b564d01 and 4b564d00
[    0.000000] kvm-clock: using sched offset of 3645516364 cycles
[    0.000000] clocksource: kvm-clock: mask: 0xffffffffffffffff max_cycles: 0x1cd42e4dffb, max_idle_ns: 881590591483 ns
[    0.000000] Zone ranges:
[    0.000000]   DMA      [mem 0x0000000000001000-0x0000000000ffffff]
[    0.000000]   DMA32    [mem 0x0000000001000000-0x000000007ffeffff]
[    0.000000]   Normal   empty
[    0.000000]   Device   empty
[    0.000000] Movable zone start for each node
[    0.000000] Early memory node ranges
[    0.000000]   node   0: [mem 0x0000000000001000-0x000000000009efff]
[    0.000000]   node   0: [mem 0x0000000000100000-0x000000007ffeffff]
[    0.000000] Reserved but unavailable: 98 pages
[    0.000000] Initmem setup node 0 [mem 0x0000000000001000-0x000000007ffeffff]
[    0.000000] ACPI: PM-Timer IO Port: 0x4008
[    0.000000] IOAPIC[0]: apic_id 2, version 32, address 0xfec00000, GSI 0-23
[    0.000000] ACPI: INT_SRC_OVR (bus 0 bus_irq 0 global_irq 2 dfl dfl)
[    0.000000] ACPI: INT_SRC_OVR (bus 0 bus_irq 9 global_irq 9 low level)
[    0.000000] Using ACPI (MADT) for SMP configuration information
[    0.000000] smpboot: Allowing 2 CPUs, 0 hotplug CPUs
[    0.000000] PM: Registered nosave memory: [mem 0x00000000-0x00000fff]
[    0.000000] PM: Registered nosave memory: [mem 0x0009f000-0x0009ffff]
[    0.000000] PM: Registered nosave memory: [mem 0x000a0000-0x000effff]
[    0.000000] PM: Registered nosave memory: [mem 0x000f0000-0x000fffff]
[    0.000000] e820: [mem 0x80000000-0xfebfffff] available for PCI devices
[    0.000000] Booting paravirtualized kernel on KVM
[    0.000000] clocksource: refined-jiffies: mask: 0xffffffff max_cycles: 0xffffffff, max_idle_ns: 7645519600211568 ns
[    0.000000] random: get_random_bytes called from start_kernel+0x99/0x4fd with crng_init=0
[    0.000000] setup_percpu: NR_CPUS:8192 nr_cpumask_bits:2 nr_cpu_ids:2 nr_node_ids:1
[    0.000000] percpu: Embedded 45 pages/cpu s147456 r8192 d28672 u1048576
[    0.000000] PV qspinlock hash table entries: 256 (order: 0, 4096 bytes)
[    0.000000] Built 1 zonelists, mobility grouping on.  Total pages: 515961
[    0.000000] Policy zone: DMA32
[    0.000000] Kernel command line: BOOT_IMAGE=/boot/vmlinuz-4.15.0-76-generic root=UUID=4b2ded98-b2ba-4c06-84ad-ca3f3dc0fe49 ro console=tty1 console=ttyS0
[    0.000000] Memory: 2014740K/2096696K available (12300K kernel code, 2481K rwdata, 4260K rodata, 2428K init, 2704K bss, 81956K reserved, 0K cma-reserved)
[    0.000000] SLUB: HWalign=64, Order=0-3, MinObjects=0, CPUs=2, Nodes=1
[    0.000000] ftrace: allocating 39322 entries in 154 pages
[    0.004000] Hierarchical RCU implementation.
[    0.004000] 	RCU restricting CPUs from NR_CPUS=8192 to nr_cpu_ids=2.
[    0.004000] 	Tasks RCU enabled.
[    0.004000] RCU: Adjusting geometry for rcu_fanout_leaf=16, nr_cpu_ids=2
[    0.004000] NR_IRQS: 524544, nr_irqs: 440, preallocated irqs: 16
[    0.004000] Console: colour VGA+ 80x25
[    0.004000] console [tty1] enabled
[    0.004000] console [ttyS0] enabled
[    0.004000] ACPI: Core revision 20170831
[    0.004000] ACPI: 2 ACPI AML tables successfully acquired and loaded
[    0.004000] APIC: Switch to symmetric I/O mode setup
[    0.004000] x2apic enabled
[    0.004000] Switched APIC routing to physical x2apic.
[    0.004000] ..TIMER: vector=0x30 apic1=0 pin1=2 apic2=-1 pin2=-1
[    0.004000] tsc: Detected 3600.260 MHz processor
[    0.004000] Calibrating delay loop (skipped) preset value.. 7200.52 BogoMIPS (lpj=14401040)
[    0.004000] pid_max: default: 32768 minimum: 301
[    0.004000] Security Framework initialized
[    0.004000] Yama: becoming mindful.
[    0.004000] AppArmor: AppArmor initialized
[    0.004000] Dentry cache hash table entries: 262144 (order: 9, 2097152 bytes)
[    0.008006] Inode-cache hash table entries: 131072 (order: 8, 1048576 bytes)
[    0.008940] Mount-cache hash table entries: 4096 (order: 3, 32768 bytes)
[    0.009750] Mountpoint-cache hash table entries: 4096 (order: 3, 32768 bytes)
[    0.010823] Last level iTLB entries: 4KB 1024, 2MB 1024, 4MB 512
[    0.012002] Last level dTLB entries: 4KB 1536, 2MB 1536, 4MB 768, 1GB 0
[    0.012805] Spectre V1 : Mitigation: usercopy/swapgs barriers and __user pointer sanitization
[    0.013879] Spectre V2 : Spectre mitigation: LFENCE not serializing, switching to generic retpoline
[    0.016002] Spectre V2 : Mitigation: Full generic retpoline
[    0.016683] Spectre V2 : Spectre v2 / SpectreRSB mitigation: Filling RSB on context switch
[    0.017706] Speculative Store Bypass: Mitigation: Speculative Store Bypass disabled via prctl and seccomp
[    0.020140] Freeing SMP alternatives memory: 36K
[    0.166059] APIC calibration not consistent with PM-Timer: 146ms instead of 100ms
[    0.167020] APIC delta adjusted to PM-Timer: 6369330 (9318175)
[    0.167810] smpboot: CPU0: AMD Ryzen 5 2600X Six-Core Processor (family: 0x17, model: 0x8, stepping: 0x2)
[    0.168000] Performance Events: PMU not available due to virtualization, using software events only.
[    0.168000] Hierarchical SRCU implementation.
[    0.168000] NMI watchdog: Perf event create on CPU 0 failed with -2
[    0.168000] NMI watchdog: Perf NMI watchdog permanently disabled
[    0.168000] smp: Bringing up secondary CPUs ...
[    0.168000] x86: Booting SMP configuration:
[    0.168000] .... node  #0, CPUs:      #1
[    0.004000] kvm-clock: cpu 1, msr 0:7ff44041, secondary cpu clock
[    0.171183] smp: Brought up 1 node, 2 CPUs
[    0.171183] smpboot: Max logical packages: 1
[    0.172005] smpboot: Total of 2 processors activated (14401.04 BogoMIPS)
[    0.172952] devtmpfs: initialized
[    0.172952] x86/mm: Memory block size: 128MB
[    0.173222] evm: security.selinux
[    0.173679] evm: security.SMACK64
[    0.174146] evm: security.SMACK64EXEC
[    0.174612] evm: security.SMACK64TRANSMUTE
[    0.175173] evm: security.SMACK64MMAP
[    0.175654] evm: security.apparmor
[    0.176007] evm: security.ima
[    0.176522] evm: security.capability
[    0.177062] clocksource: jiffies: mask: 0xffffffff max_cycles: 0xffffffff, max_idle_ns: 7645041785100000 ns
[    0.177292] futex hash table entries: 512 (order: 3, 32768 bytes)
[    0.178085] pinctrl core: initialized pinctrl subsystem
[    0.180018] RTC time: 18:18:46, date: 05/13/20
[    0.180757] NET: Registered protocol family 16
[    0.181436] audit: initializing netlink subsys (disabled)
[    0.182126] audit: type=2000 audit(1589393931.172:1): state=initialized audit_enabled=0 res=1
[    0.182126] cpuidle: using governor ladder
[    0.184014] cpuidle: using governor menu
[    0.184716] ACPI: bus type PCI registered
[    0.184716] acpiphp: ACPI Hot Plug PCI Controller Driver version: 0.5
[    0.185492] PCI: Using configuration type 1 for base access
[    0.186238] PCI: Using configuration type 1 for extended access
[    0.196016] HugeTLB registered 2.00 MiB page size, pre-allocated 0 pages
[    0.196962] ACPI: Added _OSI(Module Device)
[    0.196962] ACPI: Added _OSI(Processor Device)
[    0.197231] ACPI: Added _OSI(3.0 _SCP Extensions)
[    0.197802] ACPI: Added _OSI(Processor Aggregator Device)
[    0.198506] ACPI: Added _OSI(Linux-Dell-Video)
[    0.200003] ACPI: Added _OSI(Linux-Lenovo-NV-HDMI-Audio)
[    0.200670] ACPI: Added _OSI(Linux-HPI-Hybrid-Graphics)
[    0.201586] ACPI: Executed 1 blocks of module-level executable AML code
[    0.204137] ACPI: Interpreter enabled
[    0.204665] ACPI: (supports S0 S5)
[    0.205161] ACPI: Using IOAPIC for interrupt routing
[    0.206022] PCI: Using host bridge windows from ACPI; if necessary, use "pci=nocrs" and report a bug
[    0.207277] ACPI: Enabled 2 GPEs in block 00 to 07
[    0.211497] ACPI: PCI Root Bridge [PCI0] (domain 0000 [bus 00-ff])
[    0.212000] acpi PNP0A03:00: _OSC: OS supports [ExtendedConfig ASPM ClockPM Segments MSI]
[    0.212780] acpi PNP0A03:00: _OSC: platform does not support [PCIeCapability]
[    0.214025] acpi PNP0A03:00: _OSC: not requesting control; platform does not support [PCIeCapability]
[    0.215196] acpi PNP0A03:00: _OSC: OS requested [PCIeHotplug PME AER PCIeCapability]
[    0.216000] acpi PNP0A03:00: _OSC: platform willing to grant [PCIeHotplug PME AER]
[    0.216002] acpi PNP0A03:00: _OSC failed (AE_SUPPORT); disabling ASPM
[    0.217097] PCI host bridge to bus 0000:00
[    0.217647] pci_bus 0000:00: root bus resource [io  0x0000-0x0cf7 window]
[    0.218493] pci_bus 0000:00: root bus resource [io  0x0d00-0xffff window]
[    0.220002] pci_bus 0000:00: root bus resource [mem 0x000a0000-0x000bffff window]
[    0.221011] pci_bus 0000:00: root bus resource [mem 0x80000000-0xfdffffff window]
[    0.222036] pci_bus 0000:00: root bus resource [bus 00-ff]
[    0.224753] pci 0000:00:01.1: legacy IDE quirk: reg 0x10: [io  0x01f0-0x01f7]
[    0.225723] pci 0000:00:01.1: legacy IDE quirk: reg 0x14: [io  0x03f6]
[    0.226603] pci 0000:00:01.1: legacy IDE quirk: reg 0x18: [io  0x0170-0x0177]
[    0.227562] pci 0000:00:01.1: legacy IDE quirk: reg 0x1c: [io  0x0376]
[    0.249344] pci 0000:00:07.0: quirk: [io  0x4000-0x403f] claimed by PIIX4 ACPI
[    0.250303] pci 0000:00:07.0: quirk: [io  0x4100-0x410f] claimed by PIIX4 SMB
[    0.258004] ACPI: PCI Interrupt Link [LNKA] (IRQs 5 9 10 *11)
[    0.259035] ACPI: PCI Interrupt Link [LNKB] (IRQs 5 9 *10 11)
[    0.259823] ACPI: PCI Interrupt Link [LNKC] (IRQs 5 *9 10 11)
[    0.260093] ACPI: PCI Interrupt Link [LNKD] (IRQs 5 9 10 *11)
[    0.261085] SCSI subsystem initialized
[    0.261639] pci 0000:00:02.0: vgaarb: setting as boot VGA device
[    0.261639] pci 0000:00:02.0: vgaarb: VGA device added: decodes=io+mem,owns=io+mem,locks=none
[    0.264003] pci 0000:00:02.0: vgaarb: bridge control possible
[    0.264708] vgaarb: loaded
[    0.265119] ACPI: bus type USB registered
[    0.265644] usbcore: registered new interface driver usbfs
[    0.266341] usbcore: registered new interface driver hub
[    0.267090] usbcore: registered new device driver usb
[    0.268065] EDAC MC: Ver: 3.0.0
[    0.268612] PCI: Using ACPI for IRQ routing
[    0.268770] NetLabel: Initializing
[    0.269241] NetLabel:  domain hash size = 128
[    0.269792] NetLabel:  protocols = UNLABELED CIPSOv4 CALIPSO
[    0.270504] NetLabel:  unlabeled traffic allowed by default
[    0.272092] clocksource: Switched to clocksource kvm-clock
[    0.318371] VFS: Disk quotas dquot_6.6.0
[    0.318965] VFS: Dquot-cache hash table entries: 512 (order 0, 4096 bytes)
[    0.319899] AppArmor: AppArmor Filesystem Enabled
[    0.320521] pnp: PnP ACPI init
[    0.320932] pnp: PnP ACPI: found 3 devices
[    0.330269] clocksource: acpi_pm: mask: 0xffffff max_cycles: 0xffffff, max_idle_ns: 2085701024 ns
[    0.331467] NET: Registered protocol family 2
[    0.332163] TCP established hash table entries: 16384 (order: 5, 131072 bytes)
[    0.333075] TCP bind hash table entries: 16384 (order: 6, 262144 bytes)
[    0.333903] TCP: Hash tables configured (established 16384 bind 16384)
[    0.346178] UDP hash table entries: 1024 (order: 3, 32768 bytes)
[    0.347327] UDP-Lite hash table entries: 1024 (order: 3, 32768 bytes)
[    0.348298] NET: Registered protocol family 1
[    0.348854] pci 0000:00:00.0: Limiting direct PCI/PCI transfers
[    0.349639] pci 0000:00:01.0: Activating ISA DMA hang workarounds
[    0.350135] pci 0000:00:02.0: Video device with shadowed ROM at [mem 0x000c0000-0x000dffff]
[    0.350135] Unpacking initramfs...
[    0.350135] Freeing initrd memory: 19732K
[    0.350135] clocksource: tsc: mask: 0xffffffffffffffff max_cycles: 0x33e548dfb5f, max_idle_ns: 440795223191 ns
[    0.350135] platform rtc_cmos: registered platform RTC device (no PNP device found)
[    0.350135] Scanning for low memory corruption every 60 seconds
[    0.842154] Initialise system trusted keyrings
[    0.842981] Key type blacklist registered
[    0.843663] workingset: timestamp_bits=36 max_order=19 bucket_order=0
[    0.845251] zbud: loaded
[    0.846219] squashfs: version 4.0 (2009/01/31) Phillip Lougher
[    0.847265] fuse init (API version 7.26)
[    0.851102] Key type asymmetric registered
[    0.851629] Asymmetric key parser 'x509' registered
[    0.852293] Block layer SCSI generic (bsg) driver version 0.4 loaded (major 246)
[    0.853441] io scheduler noop registered
[    0.853980] io scheduler deadline registered
[    0.855094] io scheduler cfq registered (default)
[    0.856347] ACPI: AC Adapter [AC] (on-line)
[    0.857120] input: Power Button as /devices/LNXSYSTM:00/LNXPWRBN:00/input/input0
[    0.858124] ACPI: Power Button [PWRF]
[    0.858681] input: Sleep Button as /devices/LNXSYSTM:00/LNXSLPBN:00/input/input1
[    0.859584] ACPI: Sleep Button [SLPF]
[    0.860369] Serial: 8250/16550 driver, 32 ports, IRQ sharing enabled
[    0.881638] 00:02: ttyS0 at I/O 0x3f8 (irq = 4, base_baud = 115200) is a 16550A
[    0.885308] Linux agpgart interface v0.103
[    0.887174] loop: module loaded
[    0.888110] scsi host0: ata_piix
[    0.888662] scsi host1: ata_piix
[    0.889130] ata1: PATA max UDMA/33 cmd 0x1f0 ctl 0x3f6 bmdma 0xd000 irq 14
[    0.890121] ata2: PATA max UDMA/33 cmd 0x170 ctl 0x376 bmdma 0xd008 irq 15
[    0.891270] libphy: Fixed MDIO Bus: probed
[    0.891803] tun: Universal TUN/TAP device driver, 1.6
[    0.892540] PPP generic driver version 2.4.2
[    0.893175] ehci_hcd: USB 2.0 'Enhanced' Host Controller (EHCI) Driver
[    0.894227] ehci-pci: EHCI PCI platform driver
[    0.894820] ehci-platform: EHCI generic platform driver
[    0.895486] ohci_hcd: USB 1.1 'Open' Host Controller (OHCI) Driver
[    0.896314] ohci-pci: OHCI PCI platform driver
[    0.896890] ohci-platform: OHCI generic platform driver
[    0.897556] uhci_hcd: USB Universal Host Controller Interface driver
[    0.898402] i8042: PNP: PS/2 Controller [PNP0303:PS2K,PNP0f03:PS2M] at 0x60,0x64 irq 1,12
[    0.899822] serio: i8042 KBD port at 0x60,0x64 irq 1
[    0.900455] serio: i8042 AUX port at 0x60,0x64 irq 12
[    0.901262] mousedev: PS/2 mouse device common for all mice
[    0.902598] input: AT Translated Set 2 keyboard as /devices/platform/i8042/serio0/input/input2
[    0.903810] rtc_cmos rtc_cmos: rtc core: registered rtc_cmos as rtc0
[    0.904828] rtc_cmos rtc_cmos: alarms up to one day, 114 bytes nvram
[    0.905734] i2c /dev entries driver
[    0.906292] device-mapper: uevent: version 1.0.3
[    0.907043] device-mapper: ioctl: 4.37.0-ioctl (2017-09-20) initialised: dm-devel@redhat.com
[    0.908190] ledtrig-cpu: registered to indicate activity on CPUs
[    0.909383] NET: Registered protocol family 10
[    0.912996] Segment Routing with IPv6
[    0.913563] NET: Registered protocol family 17
[    0.914220] Key type dns_resolver registered
[    0.915060] mce: Using 0 MCE banks
[    0.915554] RAS: Correctable Errors collector initialized.
[    0.916247] sched_clock: Marking stable (915036861, 0)->(1222399909, -307363048)
[    0.917633] registered taskstats version 1
[    0.918155] Loading compiled-in X.509 certificates
[    0.920668] Loaded X.509 cert 'Build time autogenerated kernel key: 665cd2b89e03521f57c41865f552ebce30a0c7fb'
[    0.921866] zswap: loaded using pool lzo/zbud
[    0.924973] Key type big_key registered
[    0.925511] Key type trusted registered
[    0.927050] Key type encrypted registered
[    0.927567] AppArmor: AppArmor sha1 policy hashing enabled
[    0.928243] ima: No TPM chip found, activating TPM-bypass! (rc=-19)
[    0.928986] ima: Allocated hash algorithm: sha1
[    0.929617] evm: HMAC attrs: 0x1
[    0.930188]   Magic number: 4:152:342
[    0.930732] rtc_cmos rtc_cmos: setting system clock to 2020-05-13 18:18:46 UTC (1589393926)
[    0.931840] BIOS EDD facility v0.16 2004-Jun-25, 0 devices found
[    0.932604] EDD information not available.
[    1.050309] Freeing unused kernel image memory: 2428K
[    1.064791] Write protecting the kernel read-only data: 20480k
[    1.066070] Freeing unused kernel image memory: 2008K
[    1.066944] Freeing unused kernel image memory: 1884K
[    1.073475] x86/mm: Checked W+X mappings: passed, no W+X pages found.
Loading, please wait...
starting version 237
[    1.125859] e1000: Intel(R) PRO/1000 Network Driver - version 7.3.21-k8-NAPI
[    1.126759] e1000: Copyright (c) 1999-2006 Intel Corporation.
[    1.130055] Fusion MPT base driver 3.04.20
[    1.130607] Copyright (c) 1999-2008 LSI Corporation
[    1.134304] Fusion MPT SPI Host driver 3.04.20
[    1.148471] AVX2 version of gcm_enc/dec engaged.
[    1.149076] AES CTR mode by8 optimization enabled
[    1.358051] input: ImExPS/2 Generic Explorer Mouse as /devices/platform/i8042/serio1/input/input4
[    1.491220] e1000 0000:00:03.0 eth0: (PCI:33MHz:32-bit) 02:18:f1:ab:ad:9d
[    1.492097] e1000 0000:00:03.0 eth0: Intel(R) PRO/1000 Network Connection
[    1.493688] mptbase: ioc0: Initiating bringup
[    1.494124] e1000 0000:00:03.0 enp0s3: renamed from eth0
[    1.608959] ioc0: LSI53C1030 A0: Capabilities={Initiator}
[    2.350296] scsi host2: ioc0: LSI53C1030 A0, FwRev=00000000h, Ports=1, MaxQ=256, IRQ=20
[    3.349247] scsi 2:0:0:0: Direct-Access     VBOX     HARDDISK         1.0  PQ: 0 ANSI: 5
[    3.376204] scsi target2:0:0: Beginning Domain Validation
[    3.377868] scsi target2:0:0: Domain Validation skipping write tests
[    3.378676] scsi target2:0:0: Ending Domain Validation
[    3.379401] scsi target2:0:0: asynchronous
[    3.380355] scsi 2:0:1:0: Direct-Access     VBOX     HARDDISK         1.0  PQ: 0 ANSI: 5
[    3.420126] scsi target2:0:1: Beginning Domain Validation
[    3.421250] random: fast init done
[    3.421938] scsi target2:0:1: Domain Validation skipping write tests
[    3.422685] scsi target2:0:1: Ending Domain Validation
[    3.423339] scsi target2:0:1: asynchronous
[    3.426476] random: systemd-udevd: uninitialized urandom read (16 bytes read)
[    3.426516] sd 2:0:0:0: Attached scsi generic sg0 type 0
[    3.427328] random: systemd-udevd: uninitialized urandom read (16 bytes read)
[    3.428117] sd 2:0:1:0: Attached scsi generic sg1 type 0
[    3.428844] random: systemd-udevd: uninitialized urandom read (16 bytes read)
[    3.429699] sd 2:0:0:0: [sda] 104857600 512-byte logical blocks: (53.7 GB/50.0 GiB)
[    3.431479] sd 2:0:0:0: [sda] Write Protect is off
[    3.432290] sd 2:0:1:0: [sdb] 20480 512-byte logical blocks: (10.5 MB/10.0 MiB)
[    3.432361] sd 2:0:0:0: [sda] Incomplete mode parameter data
[    3.434053] sd 2:0:0:0: [sda] Assuming drive cache: write through
[    3.434065] sd 2:0:1:0: [sdb] Write Protect is off
[    3.435653] sd 2:0:1:0: [sdb] Incomplete mode parameter data
[    3.436329] sd 2:0:1:0: [sdb] Assuming drive cache: write through
[    3.437155]  sda: sda1
[    3.437914] sd 2:0:0:0: [sda] Attached SCSI disk
[    3.440328] sd 2:0:1:0: [sdb] Attached SCSI disk
Begin: Loading essential drivers ... [    4.828248] raid6: sse2x1   gen()  7401 MB/s
[    4.876105] raid6: sse2x1   xor()  8058 MB/s
[    4.928967] raid6: sse2x2   gen() 13952 MB/s
[    4.976679] raid6: sse2x2   xor()  9307 MB/s
[    5.024532] raid6: sse2x4   gen() 16787 MB/s
[    5.072415] raid6: sse2x4   xor()  5851 MB/s
[    5.120240] raid6: avx2x1   gen() 19043 MB/s
[    5.169076] raid6: avx2x1   xor() 10574 MB/s
[    5.216900] raid6: avx2x2   gen() 24791 MB/s
[    5.265726] raid6: avx2x2   xor() 15944 MB/s
[    5.312602] raid6: avx2x4   gen() 26609 MB/s
[    5.361437] raid6: avx2x4   xor() 12948 MB/s
[    5.362060] raid6: using algorithm avx2x4 gen() 26609 MB/s
[    5.362791] raid6: .... xor() 12948 MB/s, rmw enabled
[    5.363493] raid6: using avx2x2 recovery algorithm
[    5.364953] xor: automatically using best checksumming function   avx       
[    5.366450] async_tx: api initialized (async)
done.
Begin: Running /scripts/init-premount ... done.
Begin: Mounting root file system ... Begin: Running /scripts/local-top ... done.
Begin: Running /scripts/local-premount ... [    5.400753] Btrfs loaded, crc32c=crc32c-intel
Scanning for Btrfs filesystems
done.
Warning: fsck not present, so skipping root file system
[    5.427110] EXT4-fs (sda1): INFO: recovery required on readonly filesystem
[    5.428067] EXT4-fs (sda1): write access will be enabled during recovery
[    5.520432] EXT4-fs (sda1): orphan cleanup on readonly fs
[    5.521229] EXT4-fs (sda1): 3 orphan inodes deleted
[    5.521840] EXT4-fs (sda1): recovery complete
[    5.522846] EXT4-fs (sda1): mounted filesystem with ordered data mode. Opts: (null)
done.
Begin: Running /scripts/local-bottom ... done.
Begin: Running /scripts/init-bottom ... done.
[    5.688010] ip_tables: (C) 2000-2006 Netfilter Core Team
[    5.700497] systemd[1]: systemd 237 running in system mode. (+PAM +AUDIT +SELINUX +IMA +APPARMOR +SMACK +SYSVINIT +UTMP +LIBCRYPTSETUP +GCRYPT +GNUTLS +ACL +XZ +LZ4 +SECCOMP +BLKID +ELFUTILS +KMOD -IDN2 +IDN -PCRE2 default-hierarchy=hybrid)
[    5.703892] systemd[1]: Detected virtualization oracle.
[    5.704941] systemd[1]: Detected architecture x86-64.

Welcome to [1mUbuntu 18.04.3 LTS[0m!

[    5.710811] systemd[1]: Set hostname to <ubuntu-bionic>.
[    5.953320] systemd[1]: Set up automount Arbitrary Executable File Formats File System Automount Point.
[[0;32m  OK  [0m] Set up automount Arbitrary Executab…rmats File System Automount Point.
[    5.956673] systemd[1]: Created slice System Slice.
[[0;32m  OK  [0m] Created slice System Slice.
[    5.958010] systemd[1]: Listening on /dev/initctl Compatibility Named Pipe.
[[0;32m  OK  [0m] Listening on /dev/initctl Compatibility Named Pipe.
[    5.959780] systemd[1]: Listening on Network Service Netlink Socket.
[[0;32m  OK  [0m] Listening on Network Service Netlink Socket.
[    5.961174] systemd[1]: Listening on udev Control Socket.
[[0;32m  OK  [0m] Listening on udev Control Socket.
[    5.962383] systemd[1]: Listening on Journal Audit Socket.
[[0;32m  OK  [0m] Listening on Journal Audit Socket.
[[0;32m  OK  [0m] Listening on Device-mapper event daemon FIFOs.
[[0;32m  OK  [0m] Listening on LVM2 poll daemon socket.
[[0;32m  OK  [0m] Reached target System Time Synchronized.
[[0;32m  OK  [0m] Created slice User and Session Slice.
[[0;32m  OK  [0m] Reached target Slices.
[[0;32m  OK  [0m] Listening on Syslog Socket.
[[0;32m  OK  [0m] Started Forward Password Requests to Wall Directory Watch.
[[0;32m  OK  [0m] Created slice system-serial\x2dgetty.slice.
[[0;32m  OK  [0m] Listening on Journal Socket.
         Mounting Huge Pages File System...
         Starting Set the console keyboard layout...
         Mounting Kernel Debug File System...
         Starting Remount Root and Kernel File Systems...
         Starting Uncomplicated firewall...
         Mounting POSIX Message Queue File System...
[[0;32m  OK  [0m] Reached target Swap.
[[0;32m  OK  [0m] Listening on Journal Socket (/dev/log).
         Starting Journal Service...
[[0;32m  OK  [0m] Listening on udev Kernel Socket.
         Starting udev Coldplug all Devices...
[[0;32m  OK  [0m] Reached target User and Group Name Lookups.
[[0;32m  OK  [0m] Listening on LVM2 metadata daemon socket.
         Starting Monitoring of LVM2 mirrors…ng dmeventd or progress polling...
[    6.016779] EXT4-fs (sda1): re-mounted. Opts: (null)
         Starting Load Kernel Modules...
         Starting Create list of required st…ce nodes for the current kernel...
[[0;32m  OK  [0m] Mounted Huge Pages File System.
[[0;32m  OK  [0m] Mounted Kernel Debug File System.
[[0;32m  OK  [0m] Started Remount Root and Kernel File Systems.
[[0;32m  OK  [0m] Started Uncomplicated firewall.
[[0;32m  OK  [0m] Mounted POSIX Message Queue File System.
         Starting Load/Save Random Seed...
[[0;32m  OK  [0m] Started udev Coldplug all Devices.
[[0;32m  OK  [0m] Started LVM2 metadata daemon.
[[0;32m  OK  [0m] Started Create list of required sta…vice nodes for the current kernel.
         Starting Create Static Device Nodes in /dev...
[    6.081379] Loading iSCSI transport class v2.0-870.
[    6.085759] iscsi: registered transport (tcp)
[[0;32m  OK  [0m] Started Load/Save Random Seed.
[[0;32m  OK  [0m] Started Journal Service.
         Starting Flush Journal to Persistent Storage...
[[0;32m  OK  [0m] Started Create Static Device Nodes in /dev.
         Starting udev Kernel Device Manager...
[    6.152035] iscsi: registered transport (iser)
[[0;32m  OK  [0m] Started Load Kernel Modules.
         Mounting FUSE Control File System...
         Starting Apply Kernel Variables...
         Mounting Kernel Configuration File System...
[[0;32m  OK  [0m] Mounted FUSE Control File System.
[[0;32m  OK  [0m] Mounted Kernel Configuration File System.
[[0;32m  OK  [0m] Started Monitoring of LVM2 mirrors,…sing dmeventd or progress polling.
[    6.168559] systemd-journald[415]: Received request to flush runtime journal from PID 1
[[0;32m  OK  [0m] Started udev Kernel Device Manager.
[[0;32m  OK  [0m] Started Set the console keyboard layout.
[[0;32m  OK  [0m] Started Dispatch Password Requests to Console Directory Watch.
[[0;32m  OK  [0m] Reached target Local Encrypted Volumes.
[[0;32m  OK  [0m] Reached target Local File Systems (Pre).
[[0;32m  OK  [0m] Reached target Local File Systems.
         Starting Tell Plymouth To Write Out Runtime Data...
         Starting Set console font and keymap...
         Starting ebtables ruleset management...
         Starting AppArmor initialization...
[[0;32m  OK  [0m] Started Apply Kernel Variables.
[[0;32m  OK  [0m] Started Set console font and keymap.
[[0;32m  OK  [0m] Started Tell Plymouth To Write Out Runtime Data.
[[0;32m  OK  [0m] Started Flush Journal to Persistent Storage.
         Starting Create Volatile Files and Directories...
[[0;32m  OK  [0m] Started Create Volatile Files and Directories.
[[0;32m  OK  [0m] Found device /dev/ttyS0.
[[0;32m  OK  [0m] Started ebtables ruleset management.
         Starting Update UTMP about System Boot/Shutdown...
[[0;32m  OK  [0m] Started Update UTMP about System Boot/Shutdown.
[[0;32m  OK  [0m] Listening on Load/Save RF Kill Switch Status /dev/rfkill Watch.
[[0;32m  OK  [0m] Started AppArmor initialization.
         Starting Initial cloud-init job (pre-networking)...
[    7.626115] cloud-init[544]: Cloud-init v. 19.3-41-gc4735dd3-0ubuntu1~18.04.1 running 'init-local' at Wed, 13 May 2020 18:18:53 +0000. Up 7.46 seconds.
[[0;32m  OK  [0m] Started Initial cloud-init job (pre-networking).
[[0;32m  OK  [0m] Reached target Network (Pre).
         Starting Network Service...
[[0;32m  OK  [0m] Started Network Service.
         Starting Wait for Network to be Configured...
         Starting Network Name Resolution...
[[0;32m  OK  [0m] Started Network Name Resolution.
[[0;32m  OK  [0m] Reached target Host and Network Name Lookups.
[[0;32m  OK  [0m] Reached target Network.
[[0;32m  OK  [0m] Started Wait for Network to be Configured.
         Starting Initial cloud-init job (metadata service crawler)...
[    9.919021] cloud-init[667]: Cloud-init v. 19.3-41-gc4735dd3-0ubuntu1~18.04.1 running 'init' at Wed, 13 May 2020 18:18:55 +0000. Up 9.80 seconds.
[    9.920298] cloud-init[667]: ci-info: ++++++++++++++++++++++++++++++++++++++Net device info++++++++++++++++++++++++++++++++++++++
[    9.921218] cloud-init[667]: ci-info: +--------+------+----------------------------+---------------+--------+-------------------+
[    9.932203] cloud-init[667]: ci-info: | Device |  Up  |          Address           |      Mask     | Scope  |     Hw-Address    |
[    9.933082] cloud-init[667]: ci-info: +--------+------+----------------------------+---------------+--------+-------------------+
[    9.934157] cloud-init[667]: ci-info: | enp0s3 | True |         10.0.2.15          | 255.255.255.0 | global | 02:18:f1:ab:ad:9d |
[    9.935263] cloud-init[667]: ci-info: | enp0s3 | True | fe80::18:f1ff:feab:ad9d/64 |       .       |  link  | 02:18:f1:ab:ad:9d |
[    9.936264] cloud-init[667]: ci-info: |   lo   | True |         127.0.0.1          |   255.0.0.0   |  host  |         .         |
[    9.937344] cloud-init[667]: ci-info: |   lo   | True |          ::1/128           |       .       |  host  |         .         |
[    9.938415] cloud-init[667]: ci-info: +--------+------+----------------------------+---------------+--------+-------------------+
[    9.939479] cloud-init[667]: ci-info: ++++++++++++++++++++++++++++Route IPv4 info+++++++++++++++++++++++++++++
[    9.940425] cloud-init[667]: ci-info: +-------+-------------+----------+-----------------+-----------+-------+
[    9.941617] cloud-init[667]: ci-info: | Route | Destination | Gateway  |     Genmask     | Interface | Flags |
[    9.942576] cloud-init[667]: ci-info: +-------+-------------+----------+-----------------+-----------+-------+
[    9.951262] cloud-init[667]: ci-info: |   0   |   0.0.0.0   | 10.0.2.2 |     0.0.0.0     |   enp0s3  |   UG  |
[    9.952121] cloud-init[667]: ci-info: |   1   |   10.0.2.0  | 0.0.0.0  |  255.255.255.0  |   enp0s3  |   U   |
[    9.953002] cloud-init[667]: ci-info: |   2   |   10.0.2.2  | 0.0.0.0  | 255.255.255.255 |   enp0s3  |   UH  |
[    9.954024] cloud-init[667]: ci-info: +-------+-------------+----------+-----------------+-----------+-------+
[    9.954980] cloud-init[667]: ci-info: +++++++++++++++++++Route IPv6 info+++++++++++++++++++
[    9.955770] cloud-init[667]: ci-info: +-------+-------------+---------+-----------+-------+
[    9.956555] cloud-init[667]: ci-info: | Route | Destination | Gateway | Interface | Flags |
[    9.957304] cloud-init[667]: ci-info: +-------+-------------+---------+-----------+-------+
[    9.958083] cloud-init[667]: ci-info: |   1   |  fe80::/64  |    ::   |   enp0s3  |   U   |
[    9.958911] cloud-init[667]: ci-info: |   3   |    local    |    ::   |   enp0s3  |   U   |
[    9.959667] cloud-init[667]: ci-info: |   4   |   ff00::/8  |    ::   |   enp0s3  |   U   |
[    9.960397] cloud-init[667]: ci-info: +-------+-------------+---------+-----------+-------+
[[0;32m  OK  [0m] Started Initial cloud-init job (metadata service crawler).
[[0;32m  OK  [0m] Reached target Cloud-config availability.
[[0;32m  OK  [0m] Reached target System Initialization.
[[0;32m  OK  [0m] Listening on ACPID Listen Socket.
         Starting Socket activation for snappy daemon.
[[0;32m  OK  [0m] Started Daily Cleanup of Temporary Directories.
[[0;32m  OK  [0m] Started Message of the Day.
         Starting LXD - unix socket.
         Starting Docker Socket for the API.
[[0;32m  OK  [0m] Started Daily apt download activities.
[[0;32m  OK  [0m] Started Daily apt upgrade and clean activities.
[[0;32m  OK  [0m] Listening on D-Bus System Message Bus Socket.
[[0;32m  OK  [0m] Started ACPI Events Check.
[[0;32m  OK  [0m] Reached target Paths.
[[0;32m  OK  [0m] Listening on UUID daemon activation socket.
[[0;32m  OK  [0m] Listening on Open-iSCSI iscsid Socket.
[[0;32m  OK  [0m] Started Discard unused blocks once a week.
[[0;32m  OK  [0m] Reached target Timers.
[[0;32m  OK  [0m] Reached target Network is Online.
         Starting Availability of block devices...
[[0;32m  OK  [0m] Reached target Remote File Systems (Pre).
[[0;32m  OK  [0m] Reached target Remote File Systems.
[[0;32m  OK  [0m] Listening on Socket activation for snappy daemon.
[[0;32m  OK  [0m] Listening on LXD - unix socket.
[[0;32m  OK  [0m] Listening on Docker Socket for the API.
[[0;32m  OK  [0m] Reached target Sockets.
[[0;32m  OK  [0m] Reached target Basic System.
[[0;32m  OK  [0m] Started Regular background program processing daemon.
         Starting Discard unused blocks...
         Starting containerd container runtime...
[[0;32m  OK  [0m] Started irqbalance daemon.
         Starting OpenBSD Secure Shell server...
         Starting Accounts Service...
[[0;32m  OK  [0m] Started D-Bus System Message Bus.
[[0;32m  OK  [0m] Started FUSE filesystem for LXC.
         Starting Message of the Day...
         Starting System Logging Service...
         Starting LXD - container startup/shutdown...
         Starting Login Service...
         Starting LSB: automatic crash report generation...
         Starting Dispatcher daemon for systemd-networkd...
[[0;32m  OK  [0m] Started Deferred execution scheduler.
         Starting Virtualbox guest utils...
         Starting LSB: Record successful boot for GRUB...
         Starting Permit User Sessions...
         Starting Snappy daemon...
[[0;32m  OK  [0m] Started System Logging Service.
[[0;32m  OK  [0m] Started Availability of block devices.
[[0;32m  OK  [0m] Started Discard unused blocks.
[[0;32m  OK  [0m] Started containerd container runtime.
[[0;32m  OK  [0m] Started Permit User Sessions.
[[0;32m  OK  [0m] Started OpenBSD Secure Shell server.
[[0;32m  OK  [0m] Started Login Service.
[[0;32m  OK  [0m] Started Unattended Upgrades Shutdown.
         Starting Authorization Manager...
         Starting Terminate Plymouth Boot Screen...
         Starting Hold until boot process finishes up...
         Starting Docker Application Container Engine...
[[0;32m  OK  [0m] Started Hold until boot process finishes up.
         Starting Set console scheme...
[[0;32m  OK  [0m] Started Serial Getty on ttyS0.
[[0;32m  OK  [0m] Started Terminate Plymouth Boot Screen.
[[0;32m  OK  [0m] Started LSB: automatic crash report generation.
[[0;32m  OK  [0m] Started LSB: Record successful boot for GRUB.
[[0;32m  OK  [0m] Started Set console scheme.
[[0;32m  OK  [0m] Started Authorization Manager.
[[0;32m  OK  [0m] Started Accounts Service.
[[0;32m  OK  [0m] Created slice system-getty.slice.
[[0;32m  OK  [0m] Started Getty on tty1.
[[0;32m  OK  [0m] Reached target Login Prompts.
[[0;32m  OK  [0m] Started Virtualbox guest utils.
[[0;32m  OK  [0m] Started LXD - container startup/shutdown.
[[0;32m  OK  [0m] Started Dispatcher daemon for systemd-networkd.
[[0;32m  OK  [0m] Started Message of the Day.
[[0;32m  OK  [0m] Started Snappy daemon.
         Starting Wait until snapd is fully seeded...
[[0;32m  OK  [0m] Started Wait until snapd is fully seeded.
         Starting Apply the settings specified in cloud-config...
[[0;32m  OK  [0m] Created slice User Slice of vagrant.
         Starting User Manager for UID 1000...
[[0;32m  OK  [0m] Started Session 1 of user vagrant.
[[0;32m  OK  [0m] Started User Manager for UID 1000.
[[0;32m  OK  [0m] Started Apply the settings specified in cloud-config.
[   12.849712] cloud-init[1232]: Cloud-init v. 19.3-41-gc4735dd3-0ubuntu1~18.04.1 running 'modules:config' at Wed, 13 May 2020 18:18:58 +0000. Up 12.65 seconds.
[[0;32m  OK  [0m] Started Docker Application Container Engine.
[[0;32m  OK  [0m] Reached target Multi-User System.
[[0;32m  OK  [0m] Reached target Graphical Interface.
         Starting Update UTMP about System Runlevel Changes...
         Starting Execute cloud user/final scripts...
[[0;32m  OK  [0m] Started Update UTMP about System Runlevel Changes.
[   14.141738] cloud-init[1526]: Cloud-init v. 19.3-41-gc4735dd3-0ubuntu1~18.04.1 running 'modules:final' at Wed, 13 May 2020 18:18:59 +0000. Up 14.04 seconds.
[   14.143269] cloud-init[1526]: Cloud-init v. 19.3-41-gc4735dd3-0ubuntu1~18.04.1 finished at Wed, 13 May 2020 18:18:59 +0000. Datasource DataSourceNoCloud [seed=/dev/sdb][dsmode=net].  Up 14.13 seconds
[[0;32m  OK  [0m] Started Execute cloud user/final scripts.
[[0;32m  OK  [0m] Reached target Cloud-init target.
         Starting Daily apt download activities...

Ubuntu 18.04.3 LTS ubuntu-bionic ttyS0

ubuntu-bionic login:          Stopping LSB: automatic crash report generation...
[[0;32m  OK  [0m] Stopped LSB: automatic crash report generation.
         Starting LSB: automatic crash report generation...
[[0;32m  OK  [0m] Started LSB: automatic crash report generation.
         Stopping udev Kernel Device Manager...
[[0;32m  OK  [0m] Stopped udev Kernel Device Manager.
         Starting udev Kernel Device Manager...
[[0;32m  OK  [0m] Started udev Kernel Device Manager.
[[0;32m  OK  [0m] Stopped Wait for Network to be Configured.
         Stopping Wait for Network to be Configured...
         Stopping Network Service...
[[0;32m  OK  [0m] Stopped Network Service.
         Starting Network Service...
[[0;32m  OK  [0m] Started Network Service.
         Starting Wait for Network to be Configured...
         Stopping Network Name Resolution...
[[0;32m  OK  [0m] Stopped Network Name Resolution.
         Starting Network Name Resolution...
[[0;32m  OK  [0m] Started Wait for Network to be Configured.
[[0;32m  OK  [0m] Started Network Name Resolution.
[[0;32m  OK  [0m] Stopped Flush Journal to Persistent Storage.
         Stopping Flush Journal to Persistent Storage...
         Stopping Journal Service...
[[0;32m  OK  [0m] Stopped Journal Service.
         Starting Journal Service...
[[0;32m  OK  [0m] Started Journal Service.
         Starting Flush Journal to Persistent Storage...
[[0;32m  OK  [0m] Started Flush Journal to Persistent Storage.
[[0;32m  OK  [0m] Started Daily apt upgrade and clean activities.
